// Jest Snapshot v1, https://goo.gl/fbAQLP

exports[`AppHeader renders the component 1`] = `"<v-card-stub tag=\\"div\\" tile=\\"true\\" flat=\\"true\\" class=\\"flex\\"><v-card-title-stub class=\\"app-header__title primary1\\"><div class=\\"title white--text\\">Somali Professionals &amp; Students Hub</div> <v-spacer-stub></v-spacer-stub> <v-btn-stub color=\\"info1 white--text\\" activeclass=\\"v-btn--active\\" tag=\\"button\\" type=\\"button\\" class=\\"app-header__contact-button\\">Contact Us</v-btn-stub> <v-btn-stub color=\\"info2 white--text\\" activeclass=\\"v-btn--active\\" tag=\\"button\\" type=\\"button\\" class=\\"app-header__join-button\\">Join SPSHub Today!&nbsp;<i class=\\"fas fa-chevron-right\\"></i></v-btn-stub></v-card-title-stub></v-card-stub>"`;
