// Jest Snapshot v1, https://goo.gl/fbAQLP

exports[`AppNavigation renders the component 1`] = `"<v-toolbar-stub scrollthreshold=\\"300\\" class=\\"app-navigation__toolbar\\"><v-toolbar-items-stub class=\\"app-navigation__pages\\"><v-btn-stub activeclass=\\"v-btn--active\\" to=\\"/home\\" tag=\\"button\\" flat=\\"true\\" type=\\"button\\"> home </v-btn-stub><v-btn-stub activeclass=\\"v-btn--active\\" to=\\"/about\\" tag=\\"button\\" flat=\\"true\\" type=\\"button\\"> about </v-btn-stub><v-btn-stub activeclass=\\"v-btn--active\\" to=\\"/events\\" tag=\\"button\\" flat=\\"true\\" type=\\"button\\"> events </v-btn-stub></v-toolbar-items-stub></v-toolbar-stub>"`;
