// Jest Snapshot v1, https://goo.gl/fbAQLP

exports[`HomeRoute renders the component 1`] = `"<v-carousel-stub activeclass=\\"v-item--active\\" mandatory=\\"true\\" cycle=\\"true\\" delimitericon=\\"$vuetify.icons.delimiter\\" height=\\"500\\" hidecontrols=\\"true\\" interval=\\"6000\\" nexticon=\\"$vuetify.icons.next\\" previcon=\\"$vuetify.icons.prev\\" class=\\"home-route__carousel\\"><v-carousel-item-stub src=\\"./assets/images/education.jpg\\" class=\\"home-route__images\\"></v-carousel-item-stub><v-carousel-item-stub src=\\"./assets/images/elephant-herd.jpg\\" class=\\"home-route__images\\"></v-carousel-item-stub><v-carousel-item-stub src=\\"./assets/images/seattle-night.jpg\\" class=\\"home-route__images\\"></v-carousel-item-stub><v-carousel-item-stub src=\\"./assets/images/baby-camel.jpg\\" class=\\"home-route__images\\"></v-carousel-item-stub><v-carousel-item-stub src=\\"./assets/images/school-children.jpg\\" class=\\"home-route__images\\"></v-carousel-item-stub></v-carousel-stub>"`;
